Feed title: None
Feed link: None
Feed icon: None
Entries (2):
	id: None
	title: # Title 2
	link: l2
	summary: Content 2
	id: None
	title: # Title 1
	link: l1
	summary: Content 1
