Feed title: None
Feed link: None
Feed icon: None
Entries (3):
	id: C
	title: C
	link: c
	summary: None
	id: B
	title: B
	link: b
	summary: None
	id: A
	title: A
	link: a
	summary: None
