Feed title: None
Feed link: None
Feed icon: None
Entries (3):
	id: None
	title: C
	link: c
	summary: None
	id: None
	title: B
	link: b
	summary: None
	id: None
	title: A
	link: a
	summary: None
